
############## clip-vit-base-patch32 ###############

Traceback (most recent call last):
  File "cross_domain.py", line 2, in <module>
    from embedding_generation import *
  File "/data/jrobe187/flamingo-clip-lvlmdfd/universal_vlm/embedding_generation.py", line 6, in <module>
    from transformers import IdeficsForVisionText2Text, AutoProcessor, IdeficsImageProcessor
  File "<frozen importlib._bootstrap>", line 1039, in _handle_fromlist
  File "/home/jrobe187/anaconda3/envs/universal_vlm/lib/python3.8/site-packages/transformers/utils/import_utils.py", line 1767, in __getattr__
    value = getattr(module, name)
  File "/home/jrobe187/anaconda3/envs/universal_vlm/lib/python3.8/site-packages/transformers/utils/import_utils.py", line 1766, in __getattr__
    module = self._get_module(self._class_to_module[name])
  File "/home/jrobe187/anaconda3/envs/universal_vlm/lib/python3.8/site-packages/transformers/utils/import_utils.py", line 1778, in _get_module
    return importlib.import_module("." + module_name, self.__name__)
  File "/home/jrobe187/anaconda3/envs/universal_vlm/lib/python3.8/importlib/__init__.py", line 127, in import_module
    return _bootstrap._gcd_import(name[level:], package, level)
  File "/home/jrobe187/anaconda3/envs/universal_vlm/lib/python3.8/site-packages/transformers/models/auto/processing_auto.py", line 29, in <module>
    from ...processing_utils import ProcessorMixin
  File "/home/jrobe187/anaconda3/envs/universal_vlm/lib/python3.8/site-packages/transformers/processing_utils.py", line 242, in <module>
    class AudioKwargs(TypedDict, total=False):
  File "/home/jrobe187/anaconda3/envs/universal_vlm/lib/python3.8/typing.py", line 1749, in __new__
    anns = {n: _type_check(tp, msg) for n, tp in anns.items()}
  File "/home/jrobe187/anaconda3/envs/universal_vlm/lib/python3.8/typing.py", line 1749, in <dictcomp>
    anns = {n: _type_check(tp, msg) for n, tp in anns.items()}
  File "/home/jrobe187/anaconda3/envs/universal_vlm/lib/python3.8/typing.py", line 141, in _type_check
    arg.__origin__ in invalid_generic_forms):
  File "/home/jrobe187/anaconda3/envs/universal_vlm/lib/python3.8/typing.py", line 327, in __eq__
    return self._name == other._name
KeyboardInterrupt

############## clip-vit-base-patch16 ###############

Traceback (most recent call last):
  File "cross_domain.py", line 2, in <module>
    from embedding_generation import *
  File "/data/jrobe187/flamingo-clip-lvlmdfd/universal_vlm/embedding_generation.py", line 1, in <module>
    import torch
  File "/home/jrobe187/anaconda3/envs/universal_vlm/lib/python3.8/site-packages/torch/__init__.py", line 1812, in <module>
    from torch import hub as hub
  File "/home/jrobe187/anaconda3/envs/universal_vlm/lib/python3.8/site-packages/torch/hub.py", line 63, in <module>
    from tqdm import tqdm  # If tqdm is installed use it, otherwise use the fake wrapper
  File "/home/jrobe187/anaconda3/envs/universal_vlm/lib/python3.8/site-packages/tqdm/__init__.py", line 3, in <module>
    from .cli import main  # TODO: remove in v5.0.0
  File "/home/jrobe187/anaconda3/envs/universal_vlm/lib/python3.8/site-packages/tqdm/cli.py", line 11, in <module>
    from .version import __version__
  File "/home/jrobe187/anaconda3/envs/universal_vlm/lib/python3.8/site-packages/tqdm/version.py", line 3, in <module>
    from importlib.metadata import PackageNotFoundError, version
  File "/home/jrobe187/anaconda3/envs/universal_vlm/lib/python3.8/importlib/metadata.py", line 16, in <module>
    from configparser import ConfigParser
  File "/home/jrobe187/anaconda3/envs/universal_vlm/lib/python3.8/configparser.py", line 1192, in <module>
    class ConfigParser(RawConfigParser):
  File "/home/jrobe187/anaconda3/envs/universal_vlm/lib/python3.8/abc.py", line 85, in __new__
    cls = super().__new__(mcls, name, bases, namespace, **kwargs)
KeyboardInterrupt

############## clip-vit-base-patch32 ###############

/home/jrobe187/anaconda3/envs/universal_vlm/lib/python3.8/site-packages/timm/models/layers/__init__.py:49: FutureWarning: Importing from timm.models.layers is deprecated, please import via timm.layers
  warnings.warn(f"Importing from {__name__} is deprecated, please import via timm.layers", FutureWarning)
/home/jrobe187/anaconda3/envs/universal_vlm/lib/python3.8/site-packages/torchvision/transforms/_functional_video.py:6: UserWarning: The 'torchvision.transforms._functional_video' module is deprecated since 0.12 and will be removed in the future. Please use the 'torchvision.transforms.functional' module instead.
  warnings.warn(
/home/jrobe187/anaconda3/envs/universal_vlm/lib/python3.8/site-packages/torchvision/transforms/_transforms_video.py:22: UserWarning: The 'torchvision.transforms._transforms_video' module is deprecated since 0.12 and will be removed in the future. Please use the 'torchvision.transforms' module instead.
  warnings.warn(
/home/jrobe187/anaconda3/envs/universal_vlm/lib/python3.8/site-packages/kornia/feature/lightglue.py:44: FutureWarning: `torch.cuda.amp.custom_fwd(args...)` is deprecated. Please use `torch.amp.custom_fwd(args..., device_type='cuda')` instead.
  @torch.cuda.amp.custom_fwd(cast_inputs=torch.float32)
Traceback (most recent call last):
  File "cross_domain.py", line 2, in <module>
    from embedding_generation import *
  File "/data/jrobe187/flamingo-clip-lvlmdfd/universal_vlm/embedding_generation.py", line 11, in <module>
    from model.openllama import OpenLLAMAPEFTModel
  File "/data/jrobe187/flamingo-clip-lvlmdfd/universal_vlm/model/openllama.py", line 16, in <module>
    normal_sentences_all.append(data.load_and_transform_text('real', torch.cuda.current_device()))
  File "/data/jrobe187/flamingo-clip-lvlmdfd/universal_vlm/model/ImageBind/data.py", line 159, in load_and_transform_text
    tokens = [tokenizer(t).unsqueeze(0).to(device) for t in text]
  File "/data/jrobe187/flamingo-clip-lvlmdfd/universal_vlm/model/ImageBind/data.py", line 159, in <listcomp>
    tokens = [tokenizer(t).unsqueeze(0).to(device) for t in text]
KeyboardInterrupt
